// Jest Snapshot v1, https://goo.gl/fbAQLP

exports[`should render EditExpensesPage correctly 1`] = `
<div>
  <ExpenseForm
    expense={
      Object {
        "amount": 4500,
        "createdAt": 345600000,
        "description": "Credit Card",
        "id": 3,
        "note": "",
      }
    }
    name="Edit Expense"
    onSubmit={[Function]}
  />
  <button
    onClick={[Function]}
  >
    Remove
  </button>
</div>
`;
